2025-02-03 21:55:44,054 sim_logger INFO   Trial 1
2025-02-03 21:55:44,054 sim_logger INFO   Max Cover 2
2025-02-03 21:55:44,054 sim_logger INFO   Num Resources: 3
2025-02-03 21:55:44,054 sim_logger INFO   Resource List: [(0, 5), (1, 4), (2, 3)]
2025-02-03 21:55:44,054 sim_logger INFO   Num Agents: 2
2025-02-03 21:55:44,054 sim_logger INFO   Agent 0 Action Set: [[(0, 5), (2, 3)], [(0, 5), (1, 4)]]
2025-02-03 21:55:44,054 sim_logger INFO   Agent 1 Action Set: [[(1, 4), (2, 3)], [(0, 5), (1, 4)]]
2025-02-03 21:55:45,087 sim_logger INFO   Simulation results saved to app/out/00d6f43f-30b7-48f0-bf89-dc60a58c0d6a.json
2025-02-03 21:55:45,087 sim_logger INFO   Simulation score 9
2025-02-03 21:55:45,087 sim_logger INFO   Agent 0 Covers: [(0, 5), (1, 4)]
2025-02-03 21:55:45,088 sim_logger INFO   Agent 1 Covers: [(0, 5), (1, 4)]
2025-02-03 21:55:45,088 sim_logger INFO   System resource coverage: {0: 2, 1: 2, 2: 0}
2025-02-03 21:57:44,432 sim_logger INFO   Trial 1
2025-02-03 21:57:44,433 sim_logger INFO   Max Cover 2
2025-02-03 21:57:44,433 sim_logger INFO   Num Resources: 3
2025-02-03 21:57:44,433 sim_logger INFO   Resource List: [(0, 2), (1, 4), (2, 4)]
2025-02-03 21:57:44,433 sim_logger INFO   Num Agents: 2
2025-02-03 21:57:44,433 sim_logger INFO   Agent 0 Action Set: [[(1, 4), (2, 4)], [(0, 2), (2, 4)]]
2025-02-03 21:57:44,433 sim_logger INFO   Agent 1 Action Set: [[(1, 4), (0, 2)], [(1, 4), (2, 4)]]
2025-02-03 21:57:45,474 sim_logger INFO   Simulation results saved to app/out/9ac930fc-7187-431c-a258-03be08d8621d.json
2025-02-03 21:57:45,474 sim_logger INFO   Simulation score 8
2025-02-03 21:57:45,474 sim_logger INFO   Agent 0 Covers: [(1, 4), (2, 4)]
2025-02-03 21:57:45,475 sim_logger INFO   Agent 1 Covers: [(1, 4), (2, 4)]
2025-02-03 21:57:45,475 sim_logger INFO   System resource coverage: {0: 0, 1: 2, 2: 2}
2025-02-03 22:06:49,275 sim_logger INFO   Trial 1
2025-02-03 22:06:49,276 sim_logger INFO   Max Cover 2
2025-02-03 22:06:49,276 sim_logger INFO   Num Resources: 3
2025-02-03 22:06:49,276 sim_logger INFO   Resource List: [(0, 5), (1, 5), (2, 5)]
2025-02-03 22:06:49,276 sim_logger INFO   Num Agents: 2
2025-02-03 22:06:49,276 sim_logger INFO   Agent 0 Action Set: [[(0, 5), (2, 5)], [(1, 5), (2, 5)]]
2025-02-03 22:06:49,276 sim_logger INFO   Agent 1 Action Set: [[(0, 5), (2, 5)], [(1, 5), (2, 5)]]
2025-02-03 22:06:50,337 sim_logger INFO   Simulation results saved to app/out/1576ed54-603f-4608-9462-11186d4cd8ad.json
2025-02-03 22:06:50,337 sim_logger INFO   Simulation score 10
2025-02-03 22:06:50,337 sim_logger INFO   Agent 0 Covers: [(1, 5), (2, 5)]
2025-02-03 22:06:50,337 sim_logger INFO   Agent 1 Covers: [(1, 5), (2, 5)]
2025-02-03 22:06:50,337 sim_logger INFO   System resource coverage: {0: 0, 1: 2, 2: 2}
2025-02-03 22:09:26,607 sim_logger INFO   Trial 1
2025-02-03 22:09:26,607 sim_logger INFO   Max Cover 2
2025-02-03 22:09:26,607 sim_logger INFO   Num Resources: 3
2025-02-03 22:09:26,607 sim_logger INFO   Resource List: [(0, 4), (1, 4), (2, 3)]
2025-02-03 22:09:26,607 sim_logger INFO   Num Agents: 2
2025-02-03 22:09:26,607 sim_logger INFO   Agent 0 Action Set: [[(2, 3), (1, 4)], [(2, 3), (0, 4)]]
2025-02-03 22:09:26,608 sim_logger INFO   Agent 1 Action Set: [[(2, 3), (1, 4)], [(2, 3), (0, 4)]]
2025-02-03 22:09:27,693 sim_logger INFO   Simulation results saved to app/out/92dc1ed8-4ec4-49b4-9132-774c5600ff79.json
2025-02-03 22:09:27,693 sim_logger INFO   Simulation score 7
2025-02-03 22:09:27,694 sim_logger INFO   Agent 0 Covers: [(2, 3), (1, 4)]
2025-02-03 22:09:27,694 sim_logger INFO   Agent 1 Covers: [(2, 3), (1, 4)]
2025-02-03 22:09:27,694 sim_logger INFO   System resource coverage: {0: 0, 1: 2, 2: 2}
2025-02-03 22:10:44,012 sim_logger INFO   Trial 1
2025-02-03 22:10:44,012 sim_logger INFO   Max Cover 2
2025-02-03 22:10:44,012 sim_logger INFO   Num Resources: 3
2025-02-03 22:10:44,012 sim_logger INFO   Resource List: [(0, 5), (1, 2), (2, 2)]
2025-02-03 22:10:44,013 sim_logger INFO   Num Agents: 2
2025-02-03 22:10:44,013 sim_logger INFO   Agent 0 Action Set: [[(2, 2), (0, 5)], [(1, 2), (0, 5)]]
2025-02-03 22:10:44,013 sim_logger INFO   Agent 1 Action Set: [[(1, 2), (2, 2)], [(2, 2), (0, 5)]]
2025-02-03 22:10:45,061 sim_logger INFO   Simulation results saved to app/out/5ba8f11d-a69a-4b2c-8748-2a25c82ce182.json
2025-02-03 22:10:45,062 sim_logger INFO   Simulation score 7
2025-02-03 22:10:45,062 sim_logger INFO   Agent 0 Covers: [(2, 2), (0, 5)]
2025-02-03 22:10:45,062 sim_logger INFO   Agent 1 Covers: [(2, 2), (0, 5)]
2025-02-03 22:10:45,062 sim_logger INFO   System resource coverage: {0: 2, 1: 0, 2: 2}
2025-02-03 22:14:25,280 sim_logger INFO   Trial 1
2025-02-03 22:14:25,280 sim_logger INFO   Max Cover 2
2025-02-03 22:14:25,280 sim_logger INFO   Num Resources: 3
2025-02-03 22:14:25,280 sim_logger INFO   Resource List: [(0, 3), (1, 3), (2, 3)]
2025-02-03 22:14:25,280 sim_logger INFO   Num Agents: 2
2025-02-03 22:14:25,280 sim_logger INFO   Agent 0 Action Set: [[(0, 3), (1, 3)], [(1, 3), (2, 3)]]
2025-02-03 22:14:25,280 sim_logger INFO   Agent 1 Action Set: [[(1, 3), (0, 3)], [(0, 3), (2, 3)]]
2025-02-03 22:14:26,382 sim_logger INFO   Simulation results saved to app/out/e9d5b15f-d029-4f20-8a33-b6555fe0fd48.json
2025-02-03 22:14:26,382 sim_logger INFO   Simulation score 6
2025-02-03 22:14:26,382 sim_logger INFO   Agent 0 Covers: [(0, 3), (1, 3)]
2025-02-03 22:14:26,382 sim_logger INFO   Agent 1 Covers: [(1, 3), (0, 3)]
2025-02-03 22:14:26,382 sim_logger INFO   System resource coverage: {0: 2, 1: 2, 2: 0}
2025-02-03 22:16:14,863 sim_logger INFO   Trial 1
2025-02-03 22:16:14,864 sim_logger INFO   Max Cover 2
2025-02-03 22:16:14,864 sim_logger INFO   Num Resources: 3
2025-02-03 22:16:14,864 sim_logger INFO   Resource List: [(0, 3), (1, 2), (2, 3)]
2025-02-03 22:16:14,864 sim_logger INFO   Num Agents: 2
2025-02-03 22:16:14,864 sim_logger INFO   Agent 0 Action Set: [[(0, 3), (1, 2)], [(2, 3), (0, 3)]]
2025-02-03 22:16:14,864 sim_logger INFO   Agent 1 Action Set: [[(0, 3), (1, 2)], [(2, 3), (1, 2)]]
2025-02-03 22:16:15,929 sim_logger INFO   Simulation results saved to app/out/f52c1206-d1de-4a4b-8649-0be60142c3c8.json
2025-02-03 22:16:15,929 sim_logger INFO   Simulation score 5
2025-02-03 22:16:15,929 sim_logger INFO   Agent 0 Covers: [(0, 3), (1, 2)]
2025-02-03 22:16:15,929 sim_logger INFO   Agent 1 Covers: [(0, 3), (1, 2)]
2025-02-03 22:16:15,929 sim_logger INFO   System resource coverage: {0: 2, 1: 2, 2: 0}
2025-02-03 22:16:26,889 sim_logger INFO   Average System Score: 5.0
2025-02-03 22:16:33,677 sim_logger INFO   Trial 1
2025-02-03 22:16:33,678 sim_logger INFO   Max Cover 2
2025-02-03 22:16:33,678 sim_logger INFO   Num Resources: 3
2025-02-03 22:16:33,678 sim_logger INFO   Resource List: [(0, 3), (1, 5), (2, 3)]
2025-02-03 22:16:33,678 sim_logger INFO   Num Agents: 2
2025-02-03 22:16:33,678 sim_logger INFO   Agent 0 Action Set: [[(1, 5), (2, 3)], [(1, 5), (0, 3)]]
2025-02-03 22:16:33,678 sim_logger INFO   Agent 1 Action Set: [[(0, 3), (2, 3)], [(1, 5), (0, 3)]]
2025-02-03 22:16:34,755 sim_logger INFO   Simulation results saved to app/out/33b5e18a-de2b-4a37-ac34-58282a65534b.json
2025-02-03 22:16:34,755 sim_logger INFO   Simulation score 8
2025-02-03 22:16:34,755 sim_logger INFO   Agent 0 Covers: [(1, 5), (0, 3)]
2025-02-03 22:16:34,755 sim_logger INFO   Agent 1 Covers: [(1, 5), (0, 3)]
2025-02-03 22:16:34,755 sim_logger INFO   System resource coverage: {0: 2, 1: 2, 2: 0}
2025-02-03 22:24:32,179 sim_logger INFO   Trial 1
2025-02-03 22:24:32,179 sim_logger INFO   Max Cover 2
2025-02-03 22:24:32,179 sim_logger INFO   Num Resources: 3
2025-02-03 22:24:32,179 sim_logger INFO   Resource List: [(0, 3), (1, 4), (2, 5)]
2025-02-03 22:24:32,179 sim_logger INFO   Num Agents: 2
2025-02-03 22:24:32,179 sim_logger INFO   Agent 0 Action Set: [[(0, 3), (2, 5)], [(2, 5), (1, 4)]]
2025-02-03 22:24:32,179 sim_logger INFO   Agent 1 Action Set: [[(2, 5), (0, 3)], [(2, 5), (1, 4)]]
2025-02-03 22:24:32,981 sim_logger INFO   Simulation results saved to app/out/e2ae7992-7631-46c4-9fbc-4cbbe63a1aa6.json
2025-02-03 22:24:32,981 sim_logger INFO   Simulation score 8
2025-02-03 22:24:32,981 sim_logger INFO   Agent 0 Covers: [(0, 3), (2, 5)]
2025-02-03 22:24:32,981 sim_logger INFO   Agent 1 Covers: [(2, 5), (0, 3)]
2025-02-03 22:24:32,981 sim_logger INFO   System resource coverage: {0: 2, 1: 0, 2: 2}
2025-02-03 22:24:32,981 sim_logger INFO   Average System Score: 8.0
2025-02-03 22:24:45,970 sim_logger INFO   Trial 1
2025-02-03 22:24:45,971 sim_logger INFO   Max Cover 2
2025-02-03 22:24:45,971 sim_logger INFO   Num Resources: 3
2025-02-03 22:24:45,971 sim_logger INFO   Resource List: [(0, 4), (1, 3), (2, 4)]
2025-02-03 22:24:45,971 sim_logger INFO   Num Agents: 2
2025-02-03 22:24:45,971 sim_logger INFO   Agent 0 Action Set: [[(2, 4), (0, 4)], [(0, 4), (1, 3)]]
2025-02-03 22:24:45,971 sim_logger INFO   Agent 1 Action Set: [[(0, 4), (2, 4)], [(2, 4), (1, 3)]]
2025-02-03 22:25:21,804 sim_logger INFO   Trial 1
2025-02-03 22:25:21,804 sim_logger INFO   Max Cover 2
2025-02-03 22:25:21,804 sim_logger INFO   Num Resources: 3
2025-02-03 22:25:21,804 sim_logger INFO   Resource List: [(0, 5), (1, 3), (2, 5)]
2025-02-03 22:25:21,805 sim_logger INFO   Num Agents: 2
2025-02-03 22:25:21,805 sim_logger INFO   Agent 0 Action Set: [[(2, 5), (0, 5)], [(1, 3), (2, 5)]]
2025-02-03 22:25:21,805 sim_logger INFO   Agent 1 Action Set: [[(1, 3), (0, 5)], [(1, 3), (2, 5)]]
2025-02-03 22:25:21,811 sim_logger INFO   Simulation results saved to app/out/9a11de4a-bc3a-46b0-8016-284b52bd8bda.json
2025-02-03 22:25:21,811 sim_logger INFO   Simulation score 3
2025-02-03 22:25:21,811 sim_logger INFO   Agent 0 Covers: [(1, 3), (2, 5)]
2025-02-03 22:25:21,811 sim_logger INFO   Agent 1 Covers: [(1, 3), (0, 5)]
2025-02-03 22:25:21,811 sim_logger INFO   System resource coverage: {0: 1, 1: 2, 2: 1}
2025-02-03 22:25:21,812 sim_logger INFO   Average System Score: 3.0
2025-02-03 22:25:29,789 sim_logger INFO   Trial 1
2025-02-03 22:25:29,790 sim_logger INFO   Max Cover 2
2025-02-03 22:25:29,790 sim_logger INFO   Num Resources: 3
2025-02-03 22:25:29,790 sim_logger INFO   Resource List: [(0, 5), (1, 2), (2, 3)]
2025-02-03 22:25:29,790 sim_logger INFO   Num Agents: 2
2025-02-03 22:25:29,790 sim_logger INFO   Agent 0 Action Set: [[(2, 3), (1, 2)], [(0, 5), (1, 2)]]
2025-02-03 22:25:29,790 sim_logger INFO   Agent 1 Action Set: [[(2, 3), (1, 2)], [(1, 2), (0, 5)]]
2025-02-03 22:25:29,818 sim_logger INFO   Simulation results saved to app/out/a395c240-cd70-44ea-a353-580ae519a305.json
2025-02-03 22:25:29,818 sim_logger INFO   Simulation score 2
2025-02-03 22:25:29,818 sim_logger INFO   Agent 0 Covers: [(0, 5), (1, 2)]
2025-02-03 22:25:29,819 sim_logger INFO   Agent 1 Covers: [(2, 3), (1, 2)]
2025-02-03 22:25:29,819 sim_logger INFO   System resource coverage: {0: 1, 1: 2, 2: 1}
2025-02-03 22:26:12,232 sim_logger INFO   Trial 1
2025-02-03 22:26:12,232 sim_logger INFO   Max Cover 2
2025-02-03 22:26:12,232 sim_logger INFO   Num Resources: 3
2025-02-03 22:26:12,233 sim_logger INFO   Resource List: [(0, 2), (1, 3), (2, 5)]
2025-02-03 22:26:12,233 sim_logger INFO   Num Agents: 2
2025-02-03 22:26:12,233 sim_logger INFO   Agent 0 Action Set: [[(1, 3), (0, 2)], [(1, 3), (2, 5)]]
2025-02-03 22:26:12,233 sim_logger INFO   Agent 1 Action Set: [[(1, 3), (0, 2)], [(1, 3), (2, 5)]]
2025-02-03 22:26:12,262 sim_logger INFO   Simulation results saved to app/out/dcabb9c5-ae09-471f-93dc-6fed8f3a90f4.json
2025-02-03 22:26:12,262 sim_logger INFO   Simulation score 8
2025-02-03 22:26:12,262 sim_logger INFO   Agent 0 Covers: [(1, 3), (2, 5)]
2025-02-03 22:26:12,262 sim_logger INFO   Agent 1 Covers: [(1, 3), (2, 5)]
2025-02-03 22:26:12,262 sim_logger INFO   System resource coverage: {0: 0, 1: 2, 2: 2}
2025-02-03 22:30:06,523 sim_logger INFO   Trial 1
2025-02-03 22:30:06,523 sim_logger INFO   Max Cover 2
2025-02-03 22:30:06,523 sim_logger INFO   Num Resources: 3
2025-02-03 22:30:06,523 sim_logger INFO   Resource List: [(0, 4), (1, 4), (2, 4)]
2025-02-03 22:30:06,523 sim_logger INFO   Num Agents: 2
2025-02-03 22:30:06,523 sim_logger INFO   Agent 0 Action Set: [[(1, 4), (2, 4)], [(0, 4), (2, 4)]]
2025-02-03 22:30:06,523 sim_logger INFO   Agent 1 Action Set: [[(0, 4), (1, 4)], [(1, 4), (2, 4)]]
2025-02-03 22:30:06,552 sim_logger INFO   Simulation results saved to app/out/29a013f0-3167-4937-a12a-c0cae75030c9.json
2025-02-03 22:30:06,552 sim_logger INFO   Simulation score 4
2025-02-03 22:30:06,552 sim_logger INFO   Agent 0 Covers: [(1, 4), (2, 4)]
2025-02-03 22:30:06,552 sim_logger INFO   Agent 1 Covers: [(0, 4), (1, 4)]
2025-02-03 22:30:06,552 sim_logger INFO   System resource coverage: {0: 1, 1: 2, 2: 1}
2025-02-03 22:31:07,890 sim_logger INFO   Trial 1
2025-02-03 22:31:07,890 sim_logger INFO   Max Cover 2
2025-02-03 22:31:07,890 sim_logger INFO   Num Resources: 3
2025-02-03 22:31:07,890 sim_logger INFO   Resource List: [(0, 3), (1, 3), (2, 4)]
2025-02-03 22:31:07,890 sim_logger INFO   Num Agents: 2
2025-02-03 22:31:07,890 sim_logger INFO   Agent 0 Action Set: [[(0, 3), (1, 3)], [(0, 3), (2, 4)]]
2025-02-03 22:31:07,890 sim_logger INFO   Agent 1 Action Set: [[(0, 3), (1, 3)], [(1, 3), (2, 4)]]
2025-02-03 22:31:07,920 sim_logger INFO   Simulation results saved to app/out/aa3855c9-d910-43ea-8581-894968fbc8cb.json
2025-02-03 22:31:07,920 sim_logger INFO   Simulation score 4
2025-02-03 22:31:07,920 sim_logger INFO   Agent 0 Covers: [(0, 3), (2, 4)]
2025-02-03 22:31:07,920 sim_logger INFO   Agent 1 Covers: [(1, 3), (2, 4)]
2025-02-03 22:31:07,920 sim_logger INFO   System resource coverage: {0: 1, 1: 1, 2: 2}
2025-02-03 22:36:02,397 sim_logger INFO   Trial 1
2025-02-03 22:36:02,397 sim_logger INFO   Max Cover 2
2025-02-03 22:36:02,397 sim_logger INFO   Num Resources: 3
2025-02-03 22:36:02,397 sim_logger INFO   Resource List: [(0, 4), (1, 3), (2, 5)]
2025-02-03 22:36:02,398 sim_logger INFO   Num Agents: 2
2025-02-03 22:36:02,398 sim_logger INFO   Agent 0 Action Set: [[(0, 4), (2, 5)], [(0, 4), (1, 3)]]
2025-02-03 22:36:02,398 sim_logger INFO   Agent 1 Action Set: [[(0, 4), (2, 5)], [(1, 3), (2, 5)]]
2025-02-03 22:36:02,426 sim_logger INFO   Simulation results saved to app/out/ca378bac-4314-4e70-a94a-2956eda8dac0.json
2025-02-03 22:36:02,426 sim_logger INFO   Simulation score 4
2025-02-03 22:36:02,426 sim_logger INFO   Agent 0 Covers: [(0, 4), (1, 3)]
2025-02-03 22:36:02,426 sim_logger INFO   Agent 1 Covers: [(0, 4), (2, 5)]
2025-02-03 22:36:02,426 sim_logger INFO   System resource coverage: {0: 2, 1: 1, 2: 1}
2025-02-03 22:38:05,275 sim_logger INFO   Trial 1
2025-02-03 22:38:05,276 sim_logger INFO   Max Cover 2
2025-02-03 22:38:05,276 sim_logger INFO   Num Resources: 3
2025-02-03 22:38:05,276 sim_logger INFO   Resource List: [(0, 3), (1, 5), (2, 3)]
2025-02-03 22:38:05,276 sim_logger INFO   Num Agents: 2
2025-02-03 22:38:05,276 sim_logger INFO   Agent 0 Action Set: [[(0, 3), (2, 3)], [(0, 3), (1, 5)]]
2025-02-03 22:38:05,276 sim_logger INFO   Agent 1 Action Set: [[(0, 3), (2, 3)], [(0, 3), (1, 5)]]
2025-02-03 22:38:05,305 sim_logger INFO   Simulation results saved to app/out/c9eb198d-99ee-47a5-8046-dd453ef115b6.json
2025-02-03 22:38:05,305 sim_logger INFO   Simulation score 3
2025-02-03 22:38:05,305 sim_logger INFO   Agent 0 Covers: [(0, 3), (1, 5)]
2025-02-03 22:38:05,305 sim_logger INFO   Agent 1 Covers: [(0, 3), (2, 3)]
2025-02-03 22:38:05,305 sim_logger INFO   System resource coverage: {0: 2, 1: 1, 2: 1}
2025-02-03 22:38:58,594 sim_logger INFO   Trial 1
2025-02-03 22:38:58,594 sim_logger INFO   Max Cover 2
2025-02-03 22:38:58,594 sim_logger INFO   Num Resources: 3
2025-02-03 22:38:58,594 sim_logger INFO   Resource List: [(0, 5), (1, 4), (2, 5)]
2025-02-03 22:38:58,594 sim_logger INFO   Num Agents: 2
2025-02-03 22:38:58,594 sim_logger INFO   Agent 0 Action Set: [[(0, 5), (1, 4)], [(2, 5), (0, 5)]]
2025-02-03 22:38:58,594 sim_logger INFO   Agent 1 Action Set: [[(0, 5), (1, 4)], [(2, 5), (1, 4)]]
2025-02-03 22:38:58,623 sim_logger INFO   Simulation results saved to app/out/07fb2fdc-cde5-484a-91b3-e4538027b25c.json
2025-02-03 22:38:58,623 sim_logger INFO   Simulation score 5
2025-02-03 22:38:58,623 sim_logger INFO   Agent 0 Covers: [(2, 5), (0, 5)]
2025-02-03 22:38:58,623 sim_logger INFO   Agent 1 Covers: [(0, 5), (1, 4)]
2025-02-03 22:38:58,623 sim_logger INFO   System resource coverage: {0: 2, 1: 1, 2: 1}
2025-02-03 22:40:54,594 sim_logger INFO   Trial 1
2025-02-03 22:40:54,594 sim_logger INFO   Max Cover 2
2025-02-03 22:40:54,594 sim_logger INFO   Num Resources: 3
2025-02-03 22:40:54,594 sim_logger INFO   Resource List: [(0, 2), (1, 5), (2, 4)]
2025-02-03 22:40:54,594 sim_logger INFO   Num Agents: 2
2025-02-03 22:40:54,594 sim_logger INFO   Agent 0 Action Set: [[(2, 4), (1, 5)], [(1, 5), (0, 2)]]
2025-02-03 22:40:54,595 sim_logger INFO   Agent 1 Action Set: [[(2, 4), (0, 2)], [(1, 5), (0, 2)]]
2025-02-03 22:40:54,624 sim_logger INFO   Simulation results saved to app/out/70b15bf6-42e8-4a1f-b432-6c6964089e52.json
2025-02-03 22:40:54,624 sim_logger INFO   Simulation score 7
2025-02-03 22:40:54,624 sim_logger INFO   Agent 0 Covers: [(1, 5), (0, 2)]
2025-02-03 22:40:54,624 sim_logger INFO   Agent 1 Covers: [(1, 5), (0, 2)]
2025-02-03 22:40:54,624 sim_logger INFO   System resource coverage: {0: 2, 1: 2, 2: 0}
2025-02-03 22:41:24,896 sim_logger INFO   Trial 1
2025-02-03 22:41:24,897 sim_logger INFO   Max Cover 2
2025-02-03 22:41:24,898 sim_logger INFO   Num Resources: 3
2025-02-03 22:41:24,898 sim_logger INFO   Resource List: [(0, 5), (1, 4), (2, 5)]
2025-02-03 22:41:24,898 sim_logger INFO   Num Agents: 2
2025-02-03 22:41:24,898 sim_logger INFO   Agent 0 Action Set: [[(2, 5), (1, 4)], [(0, 5), (1, 4)]]
2025-02-03 22:41:24,898 sim_logger INFO   Agent 1 Action Set: [[(2, 5), (1, 4)], [(0, 5), (1, 4)]]
2025-02-03 22:41:24,926 sim_logger INFO   Simulation results saved to app/out/6900f98d-de6f-4c83-9ab4-67631659db51.json
2025-02-03 22:41:24,927 sim_logger INFO   Simulation score 9
2025-02-03 22:41:24,927 sim_logger INFO   Agent 0 Covers: [(2, 5), (1, 4)]
2025-02-03 22:41:24,927 sim_logger INFO   Agent 1 Covers: [(2, 5), (1, 4)]
2025-02-03 22:41:24,927 sim_logger INFO   System resource coverage: {0: 0, 1: 2, 2: 2}
2025-02-03 22:46:05,611 sim_logger INFO   Trial 1
2025-02-03 22:46:05,612 sim_logger INFO   Max Cover 2
2025-02-03 22:46:05,612 sim_logger INFO   Num Resources: 3
2025-02-03 22:46:05,612 sim_logger INFO   Resource List: [(0, 5), (1, 5), (2, 4)]
2025-02-03 22:46:05,612 sim_logger INFO   Num Agents: 2
2025-02-03 22:46:05,612 sim_logger INFO   Agent 0 Action Set: [[(0, 5), (1, 5)], [(0, 5), (2, 4)]]
2025-02-03 22:46:05,612 sim_logger INFO   Agent 1 Action Set: [[(1, 5), (2, 4)], [(0, 5), (2, 4)]]
2025-02-03 22:46:05,642 sim_logger INFO   Simulation results saved to app/out/e459fd8f-ac6f-4a30-8c31-f577fd7e9a79.json
2025-02-03 22:46:05,642 sim_logger INFO   Simulation score 9
2025-02-03 22:46:05,642 sim_logger INFO   Agent 0 Covers: [(0, 5), (2, 4)]
2025-02-03 22:46:05,642 sim_logger INFO   Agent 1 Covers: [(0, 5), (2, 4)]
2025-02-03 22:46:05,642 sim_logger INFO   System resource coverage: {0: 2, 1: 0, 2: 2}
2025-02-03 22:49:58,523 sim_logger INFO   Trial 1
2025-02-03 22:49:58,524 sim_logger INFO   Max Cover 2
2025-02-03 22:49:58,524 sim_logger INFO   Num Resources: 3
2025-02-03 22:49:58,524 sim_logger INFO   Resource List: [(0, 2), (1, 4), (2, 4)]
2025-02-03 22:49:58,524 sim_logger INFO   Num Agents: 2
2025-02-03 22:49:58,524 sim_logger INFO   Agent 0 Action Set: [[(0, 2), (1, 4)], [(0, 2), (2, 4)]]
2025-02-03 22:49:58,524 sim_logger INFO   Agent 1 Action Set: [[(2, 4), (1, 4)], [(0, 2), (1, 4)]]
2025-02-03 22:49:58,553 sim_logger INFO   Simulation results saved to app/out/0911d893-f209-4a3f-8789-0cff2b57bc07.json
2025-02-03 22:49:58,553 sim_logger INFO   Simulation score 4
2025-02-03 22:49:58,553 sim_logger INFO   Agent 0 Covers: [(0, 2), (2, 4)]
2025-02-03 22:49:58,553 sim_logger INFO   Agent 1 Covers: [(2, 4), (1, 4)]
2025-02-03 22:49:58,553 sim_logger INFO   System resource coverage: {0: 1, 1: 1, 2: 2}
2025-02-03 22:51:57,888 sim_logger INFO   Trial 1
2025-02-03 22:51:57,889 sim_logger INFO   Max Cover 2
2025-02-03 22:51:57,889 sim_logger INFO   Num Resources: 3
2025-02-03 22:51:57,889 sim_logger INFO   Resource List: [(0, 4), (1, 2), (2, 2)]
2025-02-03 22:51:57,889 sim_logger INFO   Num Agents: 2
2025-02-03 22:51:57,889 sim_logger INFO   Agent 0 Action Set: [[(1, 2), (2, 2)], [(2, 2), (0, 4)]]
2025-02-03 22:51:57,889 sim_logger INFO   Agent 1 Action Set: [[(1, 2), (0, 4)], [(0, 4), (2, 2)]]
2025-02-03 22:51:57,890 sim_logger INFO   Simulation results saved to app/out/7b9c6382-b76c-4f97-94d1-09abfcffe8ec.json
2025-02-03 22:51:57,891 sim_logger INFO   Simulation score 2
2025-02-03 22:51:57,891 sim_logger INFO   Agent 0 Covers: [(1, 2), (2, 2)]
2025-02-03 22:51:57,891 sim_logger INFO   Agent 1 Covers: [(1, 2), (0, 4)]
2025-02-03 22:51:57,891 sim_logger INFO   System resource coverage: {0: 1, 1: 2, 2: 1}
2025-02-03 22:51:57,891 sim_logger INFO   Trial 2
2025-02-03 22:51:57,891 sim_logger INFO   Max Cover 2
2025-02-03 22:51:57,891 sim_logger INFO   Num Resources: 3
2025-02-03 22:51:57,891 sim_logger INFO   Resource List: [(0, 5), (1, 3), (2, 4)]
2025-02-03 22:51:57,891 sim_logger INFO   Num Agents: 2
2025-02-03 22:51:57,891 sim_logger INFO   Agent 0 Action Set: [[(0, 5), (1, 3)], [(1, 3), (2, 4)]]
2025-02-03 22:51:57,891 sim_logger INFO   Agent 1 Action Set: [[(0, 5), (1, 3)], [(2, 4), (1, 3)]]
2025-02-03 22:51:57,892 sim_logger INFO   Simulation results saved to app/out/8affc1a9-a184-417d-9a13-56848f92c795.json
2025-02-03 22:51:57,892 sim_logger INFO   Simulation score 3
2025-02-03 22:51:57,892 sim_logger INFO   Agent 0 Covers: [(1, 3), (2, 4)]
2025-02-03 22:51:57,892 sim_logger INFO   Agent 1 Covers: [(0, 5), (1, 3)]
2025-02-03 22:51:57,892 sim_logger INFO   System resource coverage: {0: 1, 1: 2, 2: 1}
2025-02-03 22:51:57,892 sim_logger INFO   Average System Score: 2.5
